﻿[36mvite v8.0.1 [32mbuilding client environment for production...[36m[39m
[2K
transforming...Γ£ô 2360 modules transformed.
rendering chunks...
computing gzip size...
dist/index.html                   0.72 kB Γöé gzip:   0.40 kB
dist/assets/index-4ygvfQMN.css   19.11 kB Γöé gzip:   3.96 kB
dist/assets/index-DUhfcCwp.js   842.32 kB Γöé gzip: 264.86 kB

node.exe : 
[33m[plugin 
builtin:vite-reporter] 
At line:1 char:1
+ & "C:\Program 
Files\nodejs/node.exe" 
"C:\Program 
Files\nodejs/node_mo 
...
+ ~~~~~~~~~~~~~~~~~~~~~
~~~~~~~~~~~~~~~~~~~~~~~
~~~~~~~~~~~~~~~~~~~~~~~
~~
    + CategoryInfo     
         : NotSpecifi  
  ed: ([33m[plugin    
 builtin:vite-repor    
ter] :String) [],     
RemoteException
    + FullyQualifiedEr 
   rorId : NativeComm  
  andError
 
(!) Some chunks are 
larger than 500 kB 
after minification. 
Consider:
- Using dynamic 
import() to code-split 
the application
- Use build.rolldownOpt
ions.output.codeSplitti
ng to improve 
chunking: https://rolld
own.rs/reference/Output
Options.codeSplitting
- Adjust chunk size 
limit for this warning 
via build.chunkSizeWarn
ingLimit.[39m
[31mΓ£ù[39m Build 
failed in 897ms
[31merror during 
build:
[31mBuild failed with 
1 error:

Error: [vite]: 
Rolldown failed to 
resolve import 
"react-is" from "C:/Use
rs/nites/OneDrive/Deskt
op/KMCE_Dietitian/kmce-
frontend/node_modules/r
echarts/es6/util/ReactU
tils.js".
This is most likely 
unintended because it 
can break your 
application at runtime.
If you do want to 
externalize this 
module explicitly add 
it to
`build.rollupOptions.ex
ternal`
    at viteLog (file://
/C:/Users/nites/OneDriv
e/Desktop/KMCE_Dietitia
n/kmce-frontend/node_mo
dules/vite/dist/node/ch
unks/node.js:32910:57)
    at file:///C:/Users
/nites/OneDrive/Desktop
/KMCE_Dietitian/kmce-fr
ontend/node_modules/vit
e/dist/node/chunks/node
.js:32946:71
    at onwarn (file:///
C:/Users/nites/OneDrive
/Desktop/KMCE_Dietitian
/kmce-frontend/node_mod
ules/@vitejs/plugin-rea
ct/dist/index.js:40:7)
    at file:///C:/Users
/nites/OneDrive/Desktop
/KMCE_Dietitian/kmce-fr
ontend/node_modules/vit
e/dist/node/chunks/node
.js:32946:28
    at onRollupLog (fil
e:///C:/Users/nites/One
Drive/Desktop/KMCE_Diet
itian/kmce-frontend/nod
e_modules/vite/dist/nod
e/chunks/node.js:32941:
63)
    at onLog (file:///C
:/Users/nites/OneDrive/
Desktop/KMCE_Dietitian/
kmce-frontend/node_modu
les/vite/dist/node/chun
ks/node.js:32711:4)
    at file:///C:/Users
/nites/OneDrive/Desktop
/KMCE_Dietitian/kmce-fr
ontend/node_modules/rol
ldown/dist/shared/rolld
own-build-yQC7KN8K.mjs:
49:26
    at logger (file:///
C:/Users/nites/OneDrive
/Desktop/KMCE_Dietitian
/kmce-frontend/node_mod
ules/rolldown/dist/shar
ed/rolldown-build-yQC7K
N8K.mjs:40:3)
    at onLog (file:///C
:/Users/nites/OneDrive/
Desktop/KMCE_Dietitian/
kmce-frontend/node_modu
les/rolldown/dist/share
d/bindingify-input-opti
ons-DoaqRULI.mjs:1950:3
2)[31m
    at aggregateBinding
ErrorsIntoJsError (file
:///C:/Users/nites/OneD
rive/Desktop/KMCE_Dieti
tian/kmce-frontend/node
_modules/rolldown/dist/
shared/error-BO4SlZV_.m
js:48:18)
    at 
unwrapBindingResult (fi
le:///C:/Users/nites/On
eDrive/Desktop/KMCE_Die
titian/kmce-frontend/no
de_modules/rolldown/dis
t/shared/error-BO4SlZV_
.mjs:18:128)
    at #build (file:///
C:/Users/nites/OneDrive
/Desktop/KMCE_Dietitian
/kmce-frontend/node_mod
ules/rolldown/dist/shar
ed/rolldown-build-yQC7K
N8K.mjs:3311:34)
    at async 
buildEnvironment (file:
///C:/Users/nites/OneDr
ive/Desktop/KMCE_Dietit
ian/kmce-frontend/node_
modules/vite/dist/node/
chunks/node.js:32817:64
)
    at async 
Object.build (file:///C
:/Users/nites/OneDrive/
Desktop/KMCE_Dietitian/
kmce-frontend/node_modu
les/vite/dist/node/chun
ks/node.js:33239:19)
    at async 
Object.buildApp (file:/
//C:/Users/nites/OneDri
ve/Desktop/KMCE_Dietiti
an/kmce-frontend/node_m
odules/vite/dist/node/c
hunks/node.js:33236:153
)
    at async 
CAC.<anonymous> (file:/
//C:/Users/nites/OneDri
ve/Desktop/KMCE_Dietiti
an/kmce-frontend/node_m
odules/vite/dist/node/c
li.js:778:3) {
  errors: 
[Getter/Setter]
}[39m
